// Jest Snapshot v1, https://goo.gl/fbAQLP

exports[`renders correctly 1`] = `
<div
  className="App"
>
  <WithStyles(Paper)>
    <WithStyles(Grid)
      container={true}
      spacing={24}
    >
      <WithStyles(Grid)
        item={true}
        xs={12}
      >
        <h3>
          Client for survey calculator
        </h3>
      </WithStyles(Grid)>
      <WithStyles(Grid)
        item={true}
        xs={12}
      >
        <TaskForm
          createdCallback={[Function]}
        />
      </WithStyles(Grid)>
      <WithStyles(Grid)
        item={true}
        xs={12}
      >
        <WithStyles(Button)
          color="primary"
          onClick={[Function]}
          variant="outlined"
        >
          Get last results
        </WithStyles(Button)>
      </WithStyles(Grid)>
      <WithStyles(Grid)
        item={true}
        xs={12}
      >
        <StatisticsChart
          data={Array []}
        />
      </WithStyles(Grid)>
    </WithStyles(Grid)>
  </WithStyles(Paper)>
</div>
`;
